<html>
<body>
<pre>
<h1>µVision Build Log</h1>
<h2>Tool Versions:</h2>
IDE-Version: µVision V5.37.0.0
Copyright (C) 2022 ARM Ltd and ARM Germany GmbH. All rights reserved.
License Information: Joeri Cappelaere Vives Flex license: MDK Professional 5.37 (Flex) (mdk_pro) Operation stops: 19 Sep 2024
 
Tool Versions:
Toolchain:       MDK Professional 5.37 (Flex)  Version: 5.37.0.0
Toolchain Path:  C:\Keil_v5\ARM\ARMCLANG\Bin
C Compiler:      ArmClang.exe V6.18
Assembler:       Armasm.exe V6.18
Linker/Locator:  ArmLink.exe V6.18
Library Manager: ArmAr.exe V6.18
Hex Converter:   FromElf.exe V6.18
CPU DLL:         SARMCM3.DLL V5.37.0.0
Dialog DLL:      DCM.DLL V1.17.5.0
Target DLL:      STLink\ST-LINKIII-KEIL_SWO.dll V3.0.9.0
Dialog DLL:      TCM.DLL V1.56.1.0
 
<h2>Project:</h2>
C:\Iot Systems\Blinky\Blinky.uvprojx
Project File Date:  11/17/2023

<h2>Output:</h2>
*** Using Compiler 'V6.18', folder: 'C:\Keil_v5\ARM\ARMCLANG\Bin'
Rebuild target 'Debug'
compiling stdout_USART.c...
compiling rtx_evflags.c...
compiling Blinky.c...
compiling rtx_delay.c...
compiling rtx_lib.c...
compiling Buttons_746G_Discovery.c...
compiling rtx_kernel.c...
compiling LED_746G_Discovery.c...
compiling main.c...
assembling irq_armv7m.S...
compiling rtx_evr.c...
compiling rtx_memory.c...
compiling os_systick.c...
compiling rtx_system.c...
compiling RTX_Config.c...
compiling rtx_mutex.c...
compiling PHY_LAN8742A.c...
compiling rtx_mempool.c...
compiling rtx_timer.c...
compiling rtx_semaphore.c...
compiling rtx_msgqueue.c...
compiling retarget_io.c...
compiling EMAC_STM32F7xx.c...
compiling stm32f7xx_hal.c...
compiling stm32f7xx_hal_dma.c...
compiling stm32f7xx_hal_cortex.c...
compiling stm32f7xx_hal_gpio.c...
compiling rtx_thread.c...
compiling stm32f7xx_hal_pwr.c...
compiling USART_STM32F7xx.c...
compiling EventRecorder.c...
compiling stm32f7xx_hal_dma_ex.c...
compiling stm32f7xx_hal_pwr_ex.c...
assembling startup_stm32f746xx.s...
compiling stm32f7xx_hal_rcc.c...
compiling stm32f7xx_ll_pwr.c...
compiling Net_Debug.c...
compiling Net_Config.c...
compiling system_stm32f7xx.c...
compiling stm32f7xx_ll_utils.c...
compiling stm32f7xx_hal_rcc_ex.c...
compiling stm32f7xx_ll_rcc.c...
linking...
Program Size: Code=80750 RO-data=9246 RW-data=192 ZI-data=63228  
".\Debug\Blinky.axf" - 0 Error(s), 0 Warning(s).

<h2>Software Packages used:</h2>

Package Vendor: ARM
                http://www.keil.com/pack/ARM.CMSIS.5.9.0.pack
                ARM.CMSIS.5.9.0
                CMSIS (Common Microcontroller Software Interface Standard)
   * Component: Ethernet MAC Version: 2.2.0
   * Component: Ethernet PHY Version: 2.2.0
   * Component: USART Version: 2.4.0
   * Component: RTOS2 Version: 2.1.3
   * Component: CORE Version: 5.6.0
   * Component: Keil RTX5 Variant: Source Version: 5.5.4

Package Vendor: ARM
                https://www.keil.com/pack/ARM.CMSIS-Driver.2.7.2.pack
                ARM.CMSIS-Driver.2.7.2
                CMSIS Drivers for external devices
   * Component: LAN8742A Version: 1.3.0

Package Vendor: Keil
                https://www.keil.com/pack/Keil.ARM_Compiler.1.7.2.pack
                Keil.ARM_Compiler.1.7.2
                Keil ARM Compiler extensions for ARM Compiler 5 and ARM Compiler 6
   * Component: Event Recorder Variant: DAP Version: 1.5.1
   * Component: STDIN Variant: User Version: 1.2.0
   * Component: STDOUT Variant: User Version: 1.2.0

Package Vendor: Keil
                https://www.keil.com/pack/Keil.MDK-Middleware.7.16.0.pack
                Keil.MDK-Middleware.7.16.0
                Middleware for Keil MDK-Professional and MDK-Plus
   * Component: Buttons Version: 1.0.0
   * Component: LED Version: 1.0.0
   * Component: CORE Variant: IPv4/IPv6 Debug STDIO Version: 7.18.0
   * Component: ETH Version: 7.18.0
   * Component: BSD Version: 7.18.0
   * Component: TCP Version: 7.18.0
   * Component: UDP Version: 7.18.0

Package Vendor: Keil
                https://www.keil.com/pack/Keil.STM32F7xx_DFP.2.15.2.pack
                Keil.STM32F7xx_DFP.2.15.2
                STMicroelectronics STM32F7 Series Device Support, Drivers and Examples
   * Component: STM32Cube Framework Version: 1.0.0
   * Component: Buttons Version: 1.1.1
   * Component: LED Version: 1.1.1
   * Component: Ethernet MAC Version: 1.12.0
   * Component: USART Version: 1.21.0
   * Component: Classic Version: 1.3.0
   * Component: Common Version: 1.3.0
   * Component: Cortex Version: 1.3.0
   * Component: DMA Version: 1.3.0
   * Component: GPIO Version: 1.3.0
   * Component: PWR Version: 1.3.0
   * Component: RCC Version: 1.3.0
   * Component: Common Version: 1.3.0
   * Component: PWR Version: 1.3.0
   * Component: RCC Version: 1.3.0
   * Component: UTILS Version: 1.3.0
   * Component: Startup Version: 1.2.5

<h2>Collection of Component include folders:</h2>
  ./RTE/CMSIS
  ./RTE/Compiler
  ./RTE/Device/STM32F746NGHx
  ./RTE/Network
  ./RTE/_Debug
  C:/Users/joeri/AppData/Local/Arm/Packs/ARM/CMSIS/5.9.0/CMSIS/Core/Include
  C:/Users/joeri/AppData/Local/Arm/Packs/ARM/CMSIS/5.9.0/CMSIS/Driver/Include
  C:/Users/joeri/AppData/Local/Arm/Packs/ARM/CMSIS/5.9.0/CMSIS/RTOS2/Include
  C:/Users/joeri/AppData/Local/Arm/Packs/ARM/CMSIS/5.9.0/CMSIS/RTOS2/RTX/Include
  C:/Users/joeri/AppData/Local/Arm/Packs/Keil/ARM_Compiler/1.7.2/Include
  C:/Users/joeri/AppData/Local/Arm/Packs/Keil/MDK-Middleware/7.16.0/Board
  C:/Users/joeri/AppData/Local/Arm/Packs/Keil/MDK-Middleware/7.16.0/Network/Include
  C:/Users/joeri/AppData/Local/Arm/Packs/Keil/STM32F7xx_DFP/2.15.2/Drivers/CMSIS/Device/ST/STM32F7xx/Include
  C:/Users/joeri/AppData/Local/Arm/Packs/Keil/STM32F7xx_DFP/2.15.2/Drivers/STM32F7xx_HAL_Driver/Inc
  C:/Users/joeri/AppData/Local/Arm/Packs/Keil/STM32F7xx_DFP/2.15.2/Drivers/STM32F7xx_HAL_Driver/Inc/Legacy

<h2>Collection of Component Files used:</h2>

   * Component: ::Board Support:Buttons:1.0.0 (API)
      Include file:  Board/Board_Buttons.h

   * Component: ::Board Support:LED:1.0.0 (API)
      Include file:  Board/Board_LED.h

   * Component: ::CMSIS Driver:Ethernet MAC:2.2.0 (API)
      Include file:  CMSIS/Driver/Include/Driver_ETH_MAC.h

   * Component: ::CMSIS Driver:Ethernet PHY:2.2.0 (API)
      Include file:  CMSIS/Driver/Include/Driver_ETH_PHY.h

   * Component: ::CMSIS Driver:USART:2.4.0 (API)
      Include file:  CMSIS/Driver/Include/Driver_USART.h

   * Component: ::CMSIS:RTOS2:2.1.3 (API)
      Include file:  CMSIS/RTOS2/Include/cmsis_os2.h

   * Component: ::Device:STM32Cube Framework:1.0.0 (API)

   * Component: ARM::CMSIS:CORE:5.6.0

   * Component: ARM::CMSIS:RTOS2:Keil RTX5:Source:5.5.4
      Include file:  CMSIS/RTOS2/RTX/Include/rtx_os.h
      Include file:  CMSIS/RTOS2/RTX/Config/RTX_Config.h
      Source file:   CMSIS/RTOS2/RTX/Config/RTX_Config.c
      Source file:   CMSIS/RTOS2/RTX/Template/main.c
      Source file:   CMSIS/RTOS2/RTX/Template/Events.c
      Source file:   CMSIS/RTOS2/RTX/Template/MemPool.c
      Source file:   CMSIS/RTOS2/RTX/Template/MsgQueue.c
      Source file:   CMSIS/RTOS2/RTX/Template/Mutex.c
      Source file:   CMSIS/RTOS2/RTX/Template/Semaphore.c
      Source file:   CMSIS/RTOS2/RTX/Source/rtx_timer.c
      Source file:   CMSIS/RTOS2/RTX/Source/rtx_msgqueue.c
      Source file:   CMSIS/RTOS2/RTX/Source/rtx_system.c
      Source file:   CMSIS/RTOS2/RTX/Template/svc_user.c
      Source file:   CMSIS/RTOS2/RTX/Source/rtx_evr.c
      Source file:   CMSIS/RTOS2/RTX/Source/rtx_mempool.c
      Source file:   CMSIS/RTOS2/RTX/Source/rtx_semaphore.c
      Source file:   CMSIS/RTOS2/RTX/Source/GCC/irq_armv7m.S
      Source file:   CMSIS/RTOS2/RTX/Source/rtx_thread.c
      Source file:   CMSIS/RTOS2/RTX/Source/rtx_lib.c
      Source file:   CMSIS/RTOS2/RTX/Source/rtx_mutex.c
      Source file:   CMSIS/RTOS2/RTX/Template/Timer.c
      Source file:   CMSIS/RTOS2/RTX/Template/Thread.c
      Source file:   CMSIS/RTOS2/RTX/Source/rtx_kernel.c
      Source file:   CMSIS/RTOS2/Source/os_systick.c
      Source file:   CMSIS/RTOS2/RTX/Source/rtx_memory.c
      Source file:   CMSIS/RTOS2/RTX/Source/rtx_delay.c
      Source file:   CMSIS/RTOS2/RTX/Source/rtx_evflags.c

   * Component: Keil.ARM Compiler::Compiler:Event Recorder:DAP:1.5.1
      Source file:   Source/EventRecorder.c
      Include file:  Include/EventRecorder.h
      Include file:  Config/EventRecorderConf.h

   * Component: Keil.ARM Compiler::Compiler:I/O:STDIN:User:1.2.0
      Source file:   Template/stdin_USART.c
      Source file:   Template/stdin_user.c
      Source file:   Source/retarget_io.c
      Source file:   Template/stdin_keyboard.c

   * Component: Keil.ARM Compiler::Compiler:I/O:STDOUT:User:1.2.0
      Source file:   Source/retarget_io.c
      Source file:   Template/stdout_USART.c
      Source file:   Template/stdout_display.c
      Source file:   Template/stdout_user.c

   * Component: Keil.MDK-Pro::Network:CORE:IPv4/IPv6 Debug STDIO:7.18.0
      Source file:   Network/Config/Net_Config.c
      Include file:  Network/Include/rl_net.h
      Source file:   Network/Config/Net_Debug.c
      Library file:  Network/Lib/ARM/Net_D_CM3_L.lib

   * Component: Keil.MDK-Pro::Network:Interface:ETH:7.18.0
      Include file:  Network/Config/Net_Config_ETH.h

   * Component: Keil.MDK-Pro::Network:Socket:BSD:7.18.0
      Include file:  Network/Config/Net_Config_BSD.h

   * Component: Keil.MDK-Pro::Network:Socket:TCP:7.18.0
      Source file:   Network/Template/TCP_Socket_Client.c
      Source file:   Network/Template/TCP_Socket_Server.c
      Include file:  Network/Config/Net_Config_TCP.h

   * Component: Keil.MDK-Pro::Network:Socket:UDP:7.18.0
      Include file:  Network/Config/Net_Config_UDP.h
      Source file:   Network/Template/UDP_Socket.c

   * Component: Keil.STM32F746G-Discovery::Board Support:Buttons:1.1.1
      Source file:   MDK/Boards/ST/STM32F746G_Discovery/Common/Buttons_746G_Discovery.c

   * Component: Keil.STM32F746G-Discovery::Board Support:LED:1.1.1
      Source file:   MDK/Boards/ST/STM32F746G_Discovery/Common/LED_746G_Discovery.c

   * Component: Keil::CMSIS Driver:Ethernet MAC:1.12.0
      Source file:   CMSIS/Driver/EMAC_STM32F7xx.c

   * Component: Keil::CMSIS Driver:Ethernet PHY:LAN8742A:1.3.0
      Source file:   ETH/PHY_LAN8742A.c

   * Component: Keil::CMSIS Driver:USART:1.21.0
      Source file:   CMSIS/Driver/USART_STM32F7xx.c

   * Component: Keil::Device:STM32Cube Framework:Classic:1.3.0
      Include file:  CMSIS/Driver/Config/RTE_Device.h
      Include file:  MDK/Templates/Inc/stm32f7xx_hal_conf.h
      Include file:  MDK/Templates/Inc/stm32f7xx_it.h
      Source file:   MDK/Templates/Src/stm32f7xx_it.c
      Source file:   MDK/Templates/Src/main.c
      Include file:  MDK/Templates_LL/Inc/main.h
      Source file:   MDK/Templates/Src/stm32f7xx_hal_msp.c
      Include file:  MDK/Templates/Inc/main.h
      Source file:   MDK/Templates_LL/Src/main.c

   * Component: Keil::Device:STM32Cube HAL:Common:1.3.0
      Include file:  Drivers/STM32F7xx_HAL_Driver/Inc/stm32f7xx_hal.h
      Source file:   Drivers/STM32F7xx_HAL_Driver/Src/stm32f7xx_hal.c

   * Component: Keil::Device:STM32Cube HAL:Cortex:1.3.0
      Source file:   Drivers/STM32F7xx_HAL_Driver/Src/stm32f7xx_hal_cortex.c

   * Component: Keil::Device:STM32Cube HAL:DMA:1.3.0
      Source file:   Drivers/STM32F7xx_HAL_Driver/Src/stm32f7xx_hal_dma_ex.c
      Source file:   Drivers/STM32F7xx_HAL_Driver/Src/stm32f7xx_hal_dma.c

   * Component: Keil::Device:STM32Cube HAL:GPIO:1.3.0
      Source file:   Drivers/STM32F7xx_HAL_Driver/Src/stm32f7xx_hal_gpio.c

   * Component: Keil::Device:STM32Cube HAL:PWR:1.3.0
      Source file:   Drivers/STM32F7xx_HAL_Driver/Src/stm32f7xx_hal_pwr.c
      Source file:   Drivers/STM32F7xx_HAL_Driver/Src/stm32f7xx_hal_pwr_ex.c

   * Component: Keil::Device:STM32Cube HAL:RCC:1.3.0
      Source file:   Drivers/STM32F7xx_HAL_Driver/Src/stm32f7xx_hal_rcc_ex.c
      Source file:   Drivers/STM32F7xx_HAL_Driver/Src/stm32f7xx_hal_rcc.c

   * Component: Keil::Device:STM32Cube LL:Common:1.3.0

   * Component: Keil::Device:STM32Cube LL:PWR:1.3.0
      Source file:   Drivers/STM32F7xx_HAL_Driver/Src/stm32f7xx_ll_pwr.c

   * Component: Keil::Device:STM32Cube LL:RCC:1.3.0
      Source file:   Drivers/STM32F7xx_HAL_Driver/Src/stm32f7xx_ll_rcc.c

   * Component: Keil::Device:STM32Cube LL:UTILS:1.3.0
      Source file:   Drivers/STM32F7xx_HAL_Driver/Src/stm32f7xx_ll_utils.c

   * Component: Keil::Device:Startup:1.2.5
      Source file:   MDK/Device/Source/ARM/STM32F74x_75x_OPT.s
      Source file:   MDK/Device/Source/ARM/STM32F74x_75x_OTP.s
      Include file:  Drivers/CMSIS/Device/ST/STM32F7xx/Include/stm32f7xx.h
      Source file:   Drivers/CMSIS/Device/ST/STM32F7xx/Source/Templates/arm/startup_stm32f746xx.s
      Source file:   Drivers/CMSIS/Device/ST/STM32F7xx/Source/Templates/system_stm32f7xx.c
Build Time Elapsed:  00:00:03
</pre>
</body>
</html>
